PROTOCOL_V13R: 81 kosu - {"momentum_rules_sha256": "aebc890a98f5e7689a33b137554baf85d7bcd8aac29035c28fef81b8ae82321c", "run_rule_sha256": "dc95efd10163f587d3d3f46671d2ef82544ae0b71cd84dc5432c73136f5754c2"}
v13r_loo_t2_p1_SOL           rc=0   578s acilan=25
v13r_loo_t2_p1_BNB           rc=0   578s acilan=22
v13r_loo_t2_p1_LTC           rc=0   579s acilan=21
v13r_loo_t2_p1_BTC           rc=0   579s acilan=21
v13r_loo_t2_p1_XRP           rc=0   580s acilan=17
v13r_loo_t2_p1_ETH           rc=0   582s acilan=21
v13r_loo_t2_p1_DOGE          rc=0   582s acilan=20
v13r_loo_t2_p1_LINK          rc=0   583s acilan=21
v13r_loo_t2_p1_AVAX          rc=0   585s acilan=21
v13r_loo_t2_p1_AAVE          rc=0   586s acilan=21
v13r_loo_t2_p2_BTC           rc=0   806s acilan=58
v13r_loo_t2_p2_ETH           rc=0   809s acilan=56
v13r_loo_t2_p2_AAVE          rc=0   830s acilan=49
v13r_loo_t2_p2_LINK          rc=0   834s acilan=58
v13r_loo_t2_p2_XRP           rc=0   837s acilan=58
v13r_loo_t2_p2_SOL           rc=0   840s acilan=58
v13r_loo_t2_p2_AVAX          rc=0   838s acilan=58
v13r_loo_t2_p2_BNB           rc=0   842s acilan=56
v13r_loo_t2_p2_LTC           rc=0   839s acilan=55
v13r_loo_t2_p2_DOGE          rc=0   842s acilan=52
v13r_loo_t2_p3_BTC           rc=0  1002s acilan=32
v13r_loo_t2_p3_ETH           rc=0  1016s acilan=31
v13r_loo_t2_p3_SOL           rc=0  1019s acilan=25
v13r_loo_t2_p3_BNB           rc=0  1024s acilan=31
v13r_loo_m2_p1_ETH           rc=0   605s acilan=48
v13r_loo_m2_p1_BTC           rc=0   606s acilan=47
v13r_loo_m2_p1_SOL           rc=0   608s acilan=40
v13r_loo_m2_p1_BNB           rc=0   607s acilan=36
v13r_loo_t2_p3_XRP           rc=0  1001s acilan=31
v13r_loo_t2_p3_LINK          rc=0  1006s acilan=32
v13r_loo_m2_p1_XRP           rc=0   595s acilan=39
v13r_loo_t2_p3_DOGE          rc=0  1005s acilan=31
v13r_loo_t2_p3_AAVE          rc=0  1004s acilan=32
v13r_loo_t2_p3_AVAX          rc=0  1008s acilan=32
v13r_loo_t2_p3_LTC           rc=0  1011s acilan=32
v13r_loo_m2_p1_LINK          rc=0   599s acilan=47
v13r_loo_m2_p1_DOGE          rc=0   589s acilan=43
v13r_loo_m2_p1_AVAX          rc=0   591s acilan=47
v13r_loo_m2_p1_LTC           rc=0   585s acilan=49
v13r_loo_m2_p1_AAVE          rc=0   588s acilan=47
v13r_loo_m2_p2_BTC           rc=0   825s acilan=94
v13r_loo_m2_p2_SOL           rc=0   824s acilan=105
v13r_loo_m2_p2_ETH           rc=0   826s acilan=96
v13r_loo_m2_p2_BNB           rc=0   826s acilan=86
v13r_loo_m2_p2_LINK          rc=0   822s acilan=94
v13r_loo_m2_p2_XRP           rc=0   828s acilan=86
v13r_loo_m2_p2_DOGE          rc=0   826s acilan=98
v13r_loo_m2_p2_AVAX          rc=0   827s acilan=93
v13r_loo_m2_p2_LTC           rc=0   832s acilan=94
v13r_loo_m2_p2_AAVE          rc=0   835s acilan=92
v13r_loo_m2_p3_BTC           rc=0  1022s acilan=58
v13r_loo_m2_p3_ETH           rc=0  1030s acilan=58
v13r_m2_tsmom21_p1           rc=0   587s acilan=53
v13r_loo_m2_p3_SOL           rc=0  1032s acilan=58
v13r_loo_m2_p3_BNB           rc=0  1028s acilan=55
v13r_loo_m2_p3_XRP           rc=0  1028s acilan=48
v13r_loo_m2_p3_LINK          rc=0  1030s acilan=58
v13r_loo_m2_p3_DOGE          rc=0  1032s acilan=62
v13r_m2_tsmom21_p2           rc=0   832s acilan=121
v13r_loo_m2_p3_AAVE          rc=0  1027s acilan=58
v13r_loo_m2_p3_AVAX          rc=0  1035s acilan=58
v13r_loo_m2_p3_LTC           rc=0  1031s acilan=57
v13r_m2_tsmom42_p1           rc=0   583s acilan=32
v13r_m2_tsmom21_p3           rc=0  1019s acilan=86
v13r_m2_tsmom42_p2           rc=0   839s acilan=96
v13r_t2r_ema200_p1           rc=0   604s acilan=19
v13r_t2r_ema150_p1           rc=0   610s acilan=19
v13r_t2r_ema250_p1           rc=0   611s acilan=13
v13r_t2r_ema200_p2           rc=0   860s acilan=62
v13r_t2r_ema150_p2           rc=0   851s acilan=54
v13r_t2r_ema250_p2           rc=0   853s acilan=53
v13r_m2_tsmom42_p3           rc=0   992s acilan=55
v13r_t2r_ema200_p3           rc=0   993s acilan=29
v13r_t2r_ema150_p3           rc=0   991s acilan=38
v13r_t2r_ema250_p3           rc=0   954s acilan=29
v13r_shift_t2_p1             rc=0   555s acilan=18
v13r_shift_m2_p1             rc=0   524s acilan=38
v13r_shift_t2_p2             rc=0   667s acilan=64
v13r_shift_m2_p2             rc=0   658s acilan=103
v13r_shift_t2_p3             rc=0   682s acilan=29
v13r_shift_m2_p3             rc=0   537s acilan=52
V13R DONE 81 / 81
